// Jest Snapshot v1, https://goo.gl/fbAQLP

exports[`<Button /> matches snapshot 1`] = `
ReactWrapper {
  Symbol(enzyme.__unrendered__): <Add
    onClick={[MockFunction]}
    text="This is my label"
  />,
  Symbol(enzyme.__renderer__): Object {
    "batchedUpdates": [Function],
    "getNode": [Function],
    "render": [Function],
    "simulateError": [Function],
    "simulateEvent": [Function],
    "unmount": [Function],
  },
  Symbol(enzyme.__root__): [Circular],
  Symbol(enzyme.__node__): Object {
    "instance": null,
    "key": undefined,
    "nodeType": "function",
    "props": Object {
      "onClick": [MockFunction],
      "text": "This is my label",
    },
    "ref": null,
    "rendered": Object {
      "instance": null,
      "key": undefined,
      "nodeType": "function",
      "props": Object {
        "btnType": "btn-add",
        "disabled": false,
        "onClick": [MockFunction],
        "text": "This is my label",
      },
      "ref": null,
      "rendered": Object {
        "instance": <button
          class="btn btn-add"
          type="button"
        >
          This is my label
        </button>,
        "key": undefined,
        "nodeType": "host",
        "props": Object {
          "children": "This is my label",
          "className": "btn btn-add",
          "disabled": false,
          "onClick": [MockFunction],
          "type": "button",
        },
        "ref": null,
        "rendered": Array [
          "This is my label",
        ],
        "type": "button",
      },
      "type": [Function],
    },
    "type": [Function],
  },
  Symbol(enzyme.__nodes__): Array [
    Object {
      "instance": null,
      "key": undefined,
      "nodeType": "function",
      "props": Object {
        "onClick": [MockFunction],
        "text": "This is my label",
      },
      "ref": null,
      "rendered": Object {
        "instance": null,
        "key": undefined,
        "nodeType": "function",
        "props": Object {
          "btnType": "btn-add",
          "disabled": false,
          "onClick": [MockFunction],
          "text": "This is my label",
        },
        "ref": null,
        "rendered": Object {
          "instance": <button
            class="btn btn-add"
            type="button"
          >
            This is my label
          </button>,
          "key": undefined,
          "nodeType": "host",
          "props": Object {
            "children": "This is my label",
            "className": "btn btn-add",
            "disabled": false,
            "onClick": [MockFunction],
            "type": "button",
          },
          "ref": null,
          "rendered": Array [
            "This is my label",
          ],
          "type": "button",
        },
        "type": [Function],
      },
      "type": [Function],
    },
  ],
  Symbol(enzyme.__options__): Object {
    "adapter": ReactSixteenAdapter {
      "options": Object {
        "enableComponentDidUpdateOnSetState": true,
        "lifecycles": Object {
          "componentDidUpdate": Object {
            "onSetState": true,
          },
          "getDerivedStateFromProps": true,
          "getSnapshotBeforeUpdate": true,
          "setState": Object {
            "skipsComponentDidUpdateOnNullish": true,
          },
        },
      },
    },
  },
}
`;
